
≡ƒÜÇ Starting End-to-End Backend API Tests

==================================================

≡ƒô¥ AUTHENTICATION TESTS

Γ¥î Signup: FAILED - Internal server error
Γ¥î Login: FAILED - Internal server error
Γ¥î Get Current User: FAILED - Unauthorized
Γ¥î Forgot Password: FAILED - Internal server error

≡ƒôª PRODUCTS TESTS

Γ¥î Create Product: FAILED - Unauthorized
Γ¥î Get All Products: FAILED - Unauthorized

≡ƒôì LOCATIONS TESTS

Γ¥î Create Location: FAILED - Unauthorized
Γ¥î Get All Locations: FAILED - Unauthorized

≡ƒÅó VENDORS TESTS

Γ¥î Create Vendor: FAILED - Unauthorized
Γ¥î Get All Vendors: FAILED - Unauthorized

≡ƒôÑ RECEIPTS TESTS


≡ƒôñ DELIVERIES TESTS


≡ƒôè DASHBOARD TEST

Γ¥î Get Dashboard Data: FAILED - Unauthorized

≡ƒô£ MOVE HISTORY TEST

Γ¥î Get Move History: FAILED - Unauthorized

==================================================

Γ£¿ Backend API Tests Complete!

